###############################################################################
#
# IAR ELF Linker V8.11.1.13263/W32 for ARM                14/Apr/2017  18:54:53
# Copyright 2007-2017 IAR Systems AB.
#
#    Output file  =  D:\workspace\spi_oled\EWARM\spi_oled\Exe\spi_oled.out
#    Map file     =  D:\workspace\spi_oled\EWARM\spi_oled\List\spi_oled.map
#    Command line =  
#        -f C:\Users\Neko\AppData\Local\Temp\EWE3CF.tmp
#        (D:\workspace\spi_oled\EWARM\spi_oled\Obj\Fonts.o
#        D:\workspace\spi_oled\EWARM\spi_oled\Obj\main.o
#        D:\workspace\spi_oled\EWARM\spi_oled\Obj\SSD1306.o
#        D:\workspace\spi_oled\EWARM\spi_oled\Obj\startup_stm32f401xe.o
#        D:\workspace\spi_oled\EWARM\spi_oled\Obj\stm32f4xx_hal.o
#        D:\workspace\spi_oled\EWARM\spi_oled\Obj\stm32f4xx_hal_cortex.o
#        D:\workspace\spi_oled\EWARM\spi_oled\Obj\stm32f4xx_hal_dma.o
#        D:\workspace\spi_oled\EWARM\spi_oled\Obj\stm32f4xx_hal_dma_ex.o
#        D:\workspace\spi_oled\EWARM\spi_oled\Obj\stm32f4xx_hal_flash.o
#        D:\workspace\spi_oled\EWARM\spi_oled\Obj\stm32f4xx_hal_flash_ex.o
#        D:\workspace\spi_oled\EWARM\spi_oled\Obj\stm32f4xx_hal_flash_ramfunc.o
#        D:\workspace\spi_oled\EWARM\spi_oled\Obj\stm32f4xx_hal_gpio.o
#        D:\workspace\spi_oled\EWARM\spi_oled\Obj\stm32f4xx_hal_msp.o
#        D:\workspace\spi_oled\EWARM\spi_oled\Obj\stm32f4xx_hal_pwr.o
#        D:\workspace\spi_oled\EWARM\spi_oled\Obj\stm32f4xx_hal_pwr_ex.o
#        D:\workspace\spi_oled\EWARM\spi_oled\Obj\stm32f4xx_hal_rcc.o
#        D:\workspace\spi_oled\EWARM\spi_oled\Obj\stm32f4xx_hal_rcc_ex.o
#        D:\workspace\spi_oled\EWARM\spi_oled\Obj\stm32f4xx_hal_spi.o
#        D:\workspace\spi_oled\EWARM\spi_oled\Obj\stm32f4xx_hal_tim.o
#        D:\workspace\spi_oled\EWARM\spi_oled\Obj\stm32f4xx_hal_tim_ex.o
#        D:\workspace\spi_oled\EWARM\spi_oled\Obj\stm32f4xx_hal_uart.o
#        D:\workspace\spi_oled\EWARM\spi_oled\Obj\stm32f4xx_it.o
#        D:\workspace\spi_oled\EWARM\spi_oled\Obj\system_stm32f4xx.o --redirect
#        _Printf=_PrintfFull --redirect _Scanf=_ScanfFull -o
#        D:\workspace\spi_oled\EWARM\spi_oled\Exe\spi_oled.out --map
#        D:\workspace\spi_oled\EWARM\spi_oled\List\spi_oled.map --config
#        D:\workspace\spi_oled\EWARM/stm32f401xe_flash.icf --semihosting
#        --entry __iar_program_start --redirect
#        __iar_sh_stdout=__iar_sh_stdout_swo --no_exceptions "C:\Program Files
#        (x86)\IAR Systems\Embedded Workbench
#        8.0\arm\CMSIS\Lib\IAR\iar_cortexM4lf_math.a" --no_vfe --utf8_text_in
#        --text_out utf8)
#
###############################################################################

*******************************************************************************
*** RUNTIME MODEL ATTRIBUTES
***

CppFlavor       = *
__SystemLibrary = DLib
__dlib_version  = 6


*******************************************************************************
*** HEAP SELECTION
***

The basic heap was selected because some modules are built with
size limitations (and not runtime checking), and --advanced_heap
was not specified.


*******************************************************************************
*** PLACEMENT SUMMARY
***

"A0":  place at 0x08000000 { ro section .intvec };
"P1":  place in [from 0x08000000 to 0x0807ffff] { ro };
"P2":  place in [from 0x20000000 to 0x20017fff] { rw, block CSTACK, block HEAP };
initialize by copy { rw };

  Section            Kind        Address    Size  Object
  -------            ----        -------    ----  ------
"A0":                                      0x194
  .intvec            ro code  0x08000000   0x194  startup_stm32f401xe.o [1]
                            - 0x08000194   0x194

"P1":                                     0x1f5c
  .text              ro code  0x08000194   0x430  stm32f4xx_hal_spi.o [1]
  .text              ro code  0x080005c4   0x194  stm32f4xx_hal_msp.o [1]
  .text              ro code  0x08000758   0x40a  stm32f4xx_hal_dma.o [1]
  .text              ro code  0x08000b64    0x40  stm32f4xx_it.o [1]
  .text              ro code  0x08000ba4     0xc  stm32f4xx_hal.o [1]
  .text              ro code  0x08000bb0   0x16a  stm32f4xx_hal_cortex.o [1]
  .text              ro code  0x08000d1c   0x210  stm32f4xx_hal_gpio.o [1]
  .text              ro code  0x08000f2c   0x2ae  main.o [1]
  .text              ro code  0x080011dc    0x10  stm32f4xx_hal.o [1]
  .text              ro code  0x080011ec    0x40  stm32f4xx_hal.o [1]
  .text              ro code  0x0800122c   0x1f4  SSD1306.o [1]
  .text              ro code  0x08001420   0x3c0  stm32f4xx_hal_rcc.o [1]
  .text              ro code  0x080017e0   0x2a4  stm32f4xx_hal_rcc.o [1]
  .text              ro code  0x08001a84   0x388  stm32f4xx_hal_uart.o [1]
  .text              ro code  0x08001e0c    0x28  stm32f4xx_hal.o [1]
  .text              ro code  0x08001e34    0x6c  system_stm32f4xx.o [1]
  .text              ro code  0x08001ea0    0x40  zero_init3.o [5]
  .text              ro code  0x08001ee0    0x2c  copy_init3.o [5]
  .text              ro code  0x08001f0c    0x28  data_init.o [5]
  .text              ro code  0x08001f34    0x22  fpinit_M.o [4]
  .iar.init_table    const    0x08001f58    0x24  - Linker created -
  .text              ro code  0x08001f7c    0x1a  cmain.o [5]
  .text              ro code  0x08001f96     0x4  low_level_init.o [3]
  .text              ro code  0x08001f9a     0x4  exit.o [3]
  .text              ro code  0x08001fa0     0xa  cexit.o [5]
  .text              ro code  0x08001fac    0x14  exit.o [6]
  .rodata            const    0x08001fc0    0x10  stm32f4xx_hal_rcc.o [1]
  .text              ro code  0x08001fd0    0x10  startup_stm32f401xe.o [1]
  .text              ro code  0x08001fe0     0xc  cstartup_M.o [5]
  .rodata            const    0x08001fec     0x8  stm32f4xx_hal_dma.o [1]
  .text              ro code  0x08001ff4     0x4  startup_stm32f401xe.o [1]
  .text              ro code  0x08001ff8     0x4  startup_stm32f401xe.o [1]
  .text              ro code  0x08001ffc     0x4  startup_stm32f401xe.o [1]
  .text              ro code  0x08002000     0x4  startup_stm32f401xe.o [1]
  .text              ro code  0x08002004     0x4  startup_stm32f401xe.o [1]
  .text              ro code  0x08002008     0x4  startup_stm32f401xe.o [1]
  .text              ro code  0x0800200c     0x4  startup_stm32f401xe.o [1]
  .text              ro code  0x08002010     0x4  startup_stm32f401xe.o [1]
  .text              ro code  0x08002014     0x4  startup_stm32f401xe.o [1]
  .text              ro code  0x08002018     0x4  startup_stm32f401xe.o [1]
  .text              ro code  0x0800201c     0x4  startup_stm32f401xe.o [1]
  .text              ro code  0x08002020     0x4  startup_stm32f401xe.o [1]
  .text              ro code  0x08002024     0x4  startup_stm32f401xe.o [1]
  .text              ro code  0x08002028     0x4  startup_stm32f401xe.o [1]
  .text              ro code  0x0800202c     0x4  startup_stm32f401xe.o [1]
  .text              ro code  0x08002030     0x4  startup_stm32f401xe.o [1]
  .text              ro code  0x08002034     0x4  startup_stm32f401xe.o [1]
  .text              ro code  0x08002038     0x4  startup_stm32f401xe.o [1]
  .text              ro code  0x0800203c     0x4  startup_stm32f401xe.o [1]
  .text              ro code  0x08002040     0x4  startup_stm32f401xe.o [1]
  .text              ro code  0x08002044     0x4  startup_stm32f401xe.o [1]
  .text              ro code  0x08002048     0x4  startup_stm32f401xe.o [1]
  .text              ro code  0x0800204c     0x4  startup_stm32f401xe.o [1]
  .text              ro code  0x08002050     0x4  startup_stm32f401xe.o [1]
  .text              ro code  0x08002054     0x4  startup_stm32f401xe.o [1]
  .text              ro code  0x08002058     0x4  startup_stm32f401xe.o [1]
  .text              ro code  0x0800205c     0x4  startup_stm32f401xe.o [1]
  .text              ro code  0x08002060     0x4  startup_stm32f401xe.o [1]
  .text              ro code  0x08002064     0x4  startup_stm32f401xe.o [1]
  .text              ro code  0x08002068     0x4  startup_stm32f401xe.o [1]
  .text              ro code  0x0800206c     0x4  startup_stm32f401xe.o [1]
  .text              ro code  0x08002070     0x4  startup_stm32f401xe.o [1]
  .text              ro code  0x08002074     0x4  startup_stm32f401xe.o [1]
  .text              ro code  0x08002078     0x4  startup_stm32f401xe.o [1]
  .text              ro code  0x0800207c     0x4  startup_stm32f401xe.o [1]
  .text              ro code  0x08002080     0x4  startup_stm32f401xe.o [1]
  .text              ro code  0x08002084     0x4  startup_stm32f401xe.o [1]
  .text              ro code  0x08002088     0x4  startup_stm32f401xe.o [1]
  .text              ro code  0x0800208c     0x4  startup_stm32f401xe.o [1]
  .text              ro code  0x08002090     0x4  startup_stm32f401xe.o [1]
  .text              ro code  0x08002094     0x4  startup_stm32f401xe.o [1]
  .text              ro code  0x08002098     0x4  startup_stm32f401xe.o [1]
  .text              ro code  0x0800209c     0x4  startup_stm32f401xe.o [1]
  .text              ro code  0x080020a0     0x4  startup_stm32f401xe.o [1]
  .text              ro code  0x080020a4     0x4  startup_stm32f401xe.o [1]
  .text              ro code  0x080020a8     0x4  startup_stm32f401xe.o [1]
  .text              ro code  0x080020ac     0x4  startup_stm32f401xe.o [1]
  .text              ro code  0x080020b0     0x4  startup_stm32f401xe.o [1]
  .text              ro code  0x080020b4     0x4  startup_stm32f401xe.o [1]
  .text              ro code  0x080020b8     0x4  startup_stm32f401xe.o [1]
  .text              ro code  0x080020bc     0x4  startup_stm32f401xe.o [1]
  .text              ro code  0x080020c0     0x4  startup_stm32f401xe.o [1]
  .text              ro code  0x080020c4     0x4  startup_stm32f401xe.o [1]
  .text              ro code  0x080020c8     0x4  startup_stm32f401xe.o [1]
  .text              ro code  0x080020cc     0x4  startup_stm32f401xe.o [1]
  .text              ro code  0x080020d0     0x4  startup_stm32f401xe.o [1]
  .text              ro code  0x080020d4     0x4  startup_stm32f401xe.o [1]
  .text              ro code  0x080020d8     0x4  startup_stm32f401xe.o [1]
  .text              ro code  0x080020dc     0x4  startup_stm32f401xe.o [1]
  .text              ro code  0x080020e0     0x4  startup_stm32f401xe.o [1]
  .text              ro code  0x080020e4     0x4  startup_stm32f401xe.o [1]
  .text              ro code  0x080020e8     0x4  startup_stm32f401xe.o [1]
  Initializer bytes  const    0x080020ec     0x4  <for P2-1>
  .rodata            const    0x080020f0     0x0  zero_init3.o [5]
  .rodata            const    0x080020f0     0x0  copy_init3.o [5]
                            - 0x080020f0  0x1f5c

"P2", part 1 of 3:                           0x4
  P2-1                        0x20000000     0x4  <Init block>
    .data            inited   0x20000000     0x4  system_stm32f4xx.o [1]
                            - 0x20000004     0x4

"P2", part 2 of 3:                         0x400
  CSTACK                      0x20000008   0x400  <Block>
    CSTACK           uninit   0x20000008   0x400  <Block tail>
                            - 0x20000408   0x400

"P2", part 3 of 3:                         0x4fc
  .bss               zero     0x20000408   0x400  SSD1306.o [1]
  .bss               zero     0x20000808    0x60  main.o [1]
  .bss               zero     0x20000868    0x58  main.o [1]
  .bss               zero     0x200008c0    0x40  main.o [1]
  .bss               zero     0x20000900     0x4  stm32f4xx_hal.o [1]
                            - 0x20000904   0x4fc


*******************************************************************************
*** INIT TABLE
***

          Address     Size
          -------     ----
Zero (__iar_zero_init3)
    1 destination range, total size 0x4fc:
          0x20000408  0x4fc

Copy (__iar_copy_init3)
    1 source range, total size 0x4:
          0x080020ec    0x4
    1 destination range, total size 0x4:
          0x20000000    0x4



*******************************************************************************
*** MODULE SUMMARY
***

    Module                  ro code  ro data  rw data
    ------                  -------  -------  -------
D:\workspace\spi_oled\EWARM\spi_oled\Obj: [1]
    SSD1306.o                   500             1 024
    main.o                      686               248
    startup_stm32f401xe.o       668
    stm32f4xx_hal.o             132                 4
    stm32f4xx_hal_cortex.o      362
    stm32f4xx_hal_dma.o       1 034        8
    stm32f4xx_hal_gpio.o        528
    stm32f4xx_hal_msp.o         404
    stm32f4xx_hal_rcc.o       1 636       16
    stm32f4xx_hal_spi.o       1 072
    stm32f4xx_hal_uart.o        904
    stm32f4xx_it.o               64
    system_stm32f4xx.o          108        4        4
    -------------------------------------------------
    Total:                    8 098       28    1 280

command line: [2]
    -------------------------------------------------
    Total:

dl7M_tlf.a: [3]
    exit.o                        4
    low_level_init.o              4
    -------------------------------------------------
    Total:                        8

m7M_tls.a: [4]
    fpinit_M.o                   34
    -------------------------------------------------
    Total:                       34

rt7M_tl.a: [5]
    cexit.o                      10
    cmain.o                      26
    copy_init3.o                 44
    cstartup_M.o                 12
    data_init.o                  40
    zero_init3.o                 64
    -------------------------------------------------
    Total:                      196

shb_l.a: [6]
    exit.o                       20
    -------------------------------------------------
    Total:                       20

    Gaps                         10        2
    Linker created                        36    1 024
-----------------------------------------------------
    Grand Total:              8 366       66    2 304


*******************************************************************************
*** ENTRY LIST
***

Entry                      Address   Size  Type      Object
-----                      -------   ----  ----      ------
.iar.init_table$$Base   0x08001f58          --   Gb  - Linker created -
.iar.init_table$$Limit  0x08001f7c          --   Gb  - Linker created -
?main                   0x08001f7d         Code  Gb  cmain.o [5]
APBAHBPrescTable        0x08001fc0   0x10  Data  Gb  stm32f4xx_hal_rcc.o [1]
CSTACK$$Base            0x20000008          --   Gb  - Linker created -
CSTACK$$Limit           0x20000408          --   Gb  - Linker created -
DMA1_Stream4_IRQHandler
                        0x08000b71    0xa  Code  Gb  stm32f4xx_it.o [1]
DMA_CalcBaseAndBitshift
                        0x08000a71   0x30  Code  Lc  stm32f4xx_hal_dma.o [1]
DMA_CalcBaseAndBitshift::flagBitshiftOffset
                        0x08001fec    0x8  Data  Lc  stm32f4xx_hal_dma.o [1]
DMA_CheckFifoParam      0x08000ab5   0xae  Code  Lc  stm32f4xx_hal_dma.o [1]
Error_Handler           0x080011d9    0x2  Code  Gb  main.o [1]
HAL_DMA_Abort_IT        0x08000839   0x28  Code  Gb  stm32f4xx_hal_dma.o [1]
HAL_DMA_IRQHandler      0x08000861  0x210  Code  Gb  stm32f4xx_hal_dma.o [1]
HAL_DMA_Init            0x08000759   0xe0  Code  Gb  stm32f4xx_hal_dma.o [1]
HAL_GPIO_Init           0x08000d1d  0x1ce  Code  Gb  stm32f4xx_hal_gpio.o [1]
HAL_GPIO_WritePin       0x08000eeb   0x14  Code  Gb  stm32f4xx_hal_gpio.o [1]
HAL_GetTick             0x08000ba5    0xc  Code  Wk  stm32f4xx_hal.o [1]
HAL_IncTick             0x080011dd   0x10  Code  Wk  stm32f4xx_hal.o [1]
HAL_Init                0x080011ed   0x3a  Code  Gb  stm32f4xx_hal.o [1]
HAL_InitTick            0x08001e0d   0x28  Code  Wk  stm32f4xx_hal.o [1]
HAL_MspInit             0x080005c5   0x5e  Code  Gb  stm32f4xx_hal_msp.o [1]
HAL_NVIC_EnableIRQ      0x08000cb9    0xe  Code  Gb  stm32f4xx_hal_cortex.o [1]
HAL_NVIC_SetPriority    0x08000c93   0x26  Code  Gb  stm32f4xx_hal_cortex.o [1]
HAL_NVIC_SetPriorityGrouping
                        0x08000c87    0xc  Code  Gb  stm32f4xx_hal_cortex.o [1]
HAL_RCC_ClockConfig     0x080017e1  0x190  Code  Gb  stm32f4xx_hal_rcc.o [1]
HAL_RCC_GetHCLKFreq     0x08001971    0x6  Code  Gb  stm32f4xx_hal_rcc.o [1]
HAL_RCC_GetPCLK1Freq    0x08001977   0x20  Code  Gb  stm32f4xx_hal_rcc.o [1]
HAL_RCC_GetPCLK2Freq    0x08001997   0x20  Code  Gb  stm32f4xx_hal_rcc.o [1]
HAL_RCC_OscConfig       0x08001421  0x3c0  Code  Wk  stm32f4xx_hal_rcc.o [1]
HAL_SPI_ErrorCallback   0x08000ba1    0x4  Code  Gb  stm32f4xx_it.o [1]
HAL_SPI_IRQHandler      0x080002e3  0x112  Code  Gb  stm32f4xx_hal_spi.o [1]
HAL_SPI_Init            0x08000195   0x8e  Code  Gb  stm32f4xx_hal_spi.o [1]
HAL_SPI_MspInit         0x08000623   0xcc  Code  Gb  stm32f4xx_hal_msp.o [1]
HAL_SPI_Transmit_IT     0x08000223   0xc0  Code  Gb  stm32f4xx_hal_spi.o [1]
HAL_SPI_TxCpltCallback  0x08000b85   0x10  Code  Gb  stm32f4xx_it.o [1]
HAL_SYSTICK_CLKSourceConfig
                        0x08000ccf   0x20  Code  Gb  stm32f4xx_hal_cortex.o [1]
HAL_SYSTICK_Config      0x08000cc7    0x8  Code  Gb  stm32f4xx_hal_cortex.o [1]
HAL_SYSTICK_IRQHandler  0x08000d11    0x8  Code  Gb  stm32f4xx_hal_cortex.o [1]
HAL_UART_Init           0x08001a85   0x76  Code  Gb  stm32f4xx_hal_uart.o [1]
HAL_UART_MspInit        0x080006ef   0x4a  Code  Gb  stm32f4xx_hal_msp.o [1]
MX_DMA_Init             0x080010af   0x30  Code  Lc  main.o [1]
MX_GPIO_Init            0x080010df   0xce  Code  Lc  main.o [1]
MX_SPI2_Init            0x0800100d   0x5e  Code  Lc  main.o [1]
MX_USART2_UART_Init     0x0800106b   0x44  Code  Lc  main.o [1]
NVIC_EnableIRQ          0x08000bd9   0x16  Code  Lc  stm32f4xx_hal_cortex.o [1]
NVIC_EncodePriority     0x08000c15   0x42  Code  Lc  stm32f4xx_hal_cortex.o [1]
NVIC_GetPriorityGrouping
                        0x08000bcf    0xa  Code  Lc  stm32f4xx_hal_cortex.o [1]
NVIC_SetPriority        0x08000bef   0x26  Code  Lc  stm32f4xx_hal_cortex.o [1]
NVIC_SetPriorityGrouping
                        0x08000bb1   0x1e  Code  Lc  stm32f4xx_hal_cortex.o [1]
Region$$Table$$Base     0x08001f58          --   Gb  - Linker created -
Region$$Table$$Limit    0x08001f7c          --   Gb  - Linker created -
SPI2_IRQHandler         0x08000b7b    0xa  Code  Gb  stm32f4xx_it.o [1]
SPI_CheckFlag_BSY       0x080004f9   0x2c  Code  Lc  stm32f4xx_hal_spi.o [1]
SPI_CloseTx_ISR         0x08000525   0x98  Code  Lc  stm32f4xx_hal_spi.o [1]
SPI_DMAAbortOnError     0x080003f5   0x16  Code  Lc  stm32f4xx_hal_spi.o [1]
SPI_TxISR_16BIT         0x08000431   0x26  Code  Lc  stm32f4xx_hal_spi.o [1]
SPI_TxISR_8BIT          0x0800040d   0x24  Code  Lc  stm32f4xx_hal_spi.o [1]
SPI_WaitFlagStateUntilTimeout
                        0x08000457   0xa2  Code  Lc  stm32f4xx_hal_spi.o [1]
SysTick_Config          0x08000c57   0x30  Code  Lc  stm32f4xx_hal_cortex.o [1]
SysTick_Handler         0x08000b65    0xc  Code  Gb  stm32f4xx_it.o [1]
SystemClock_Config      0x08000f4d   0xc0  Code  Gb  main.o [1]
SystemCoreClock         0x20000000    0x4  Data  Gb  system_stm32f4xx.o [1]
SystemInit              0x08001e35   0x4c  Code  Gb  system_stm32f4xx.o [1]
UART_SetConfig          0x08001afb  0x302  Code  Lc  stm32f4xx_hal_uart.o [1]
__cmain                 0x08001f7d         Code  Gb  cmain.o [5]
__exit                  0x08001fad   0x14  Code  Gb  exit.o [6]
__iar_copy_init3        0x08001ee1   0x2c  Code  Gb  copy_init3.o [5]
__iar_data_init3        0x08001f0d   0x28  Code  Gb  data_init.o [5]
__iar_init_vfp          0x08001f35         Code  Gb  fpinit_M.o [4]
__iar_program_start     0x08001fe1         Code  Gb  cstartup_M.o [5]
__iar_systems$$module {Abs}
                        0x00000001         Data  Gb  command line/config [2]
__iar_zero_init3        0x08001ea1   0x40  Code  Gb  zero_init3.o [5]
__low_level_init        0x08001f97    0x4  Code  Gb  low_level_init.o [3]
__vector_table          0x08000000         Data  Gb  startup_stm32f401xe.o [1]
_call_main              0x08001f89         Code  Gb  cmain.o [5]
_exit                   0x08001fa1         Code  Gb  cexit.o [5]
_main                   0x08001f93         Code  Gb  cmain.o [5]
exit                    0x08001f9b    0x4  Code  Gb  exit.o [3]
hdma_spi2_tx            0x20000808   0x60  Data  Gb  main.o [1]
hspi2                   0x20000868   0x58  Data  Gb  main.o [1]
huart2                  0x200008c0   0x40  Data  Gb  main.o [1]
main                    0x08000f2d   0x20  Code  Gb  main.o [1]
s_chDispalyBuffer       0x20000408  0x400  Data  Lc  SSD1306.o [1]
ssd1306_clear_screen    0x080012b1   0x50  Code  Gb  SSD1306.o [1]
ssd1306_init            0x08001301  0x10e  Code  Gb  SSD1306.o [1]
ssd1306_refresh_gram    0x08001261   0x50  Code  Gb  SSD1306.o [1]
ssd1306_write_byte      0x0800122d   0x34  Code  Lc  SSD1306.o [1]
uwTick                  0x20000900    0x4  Data  Gb  stm32f4xx_hal.o [1]


[1] = D:\workspace\spi_oled\EWARM\spi_oled\Obj
[2] = command line
[3] = dl7M_tlf.a
[4] = m7M_tls.a
[5] = rt7M_tl.a
[6] = shb_l.a

  8 366 bytes of readonly  code memory
     66 bytes of readonly  data memory
  2 304 bytes of readwrite data memory

Errors: none
Warnings: none
